------------------------------------------------------------
TimeQuest Timing Analyzer Summary
------------------------------------------------------------

Type  : Slow 1200mV 85C Model Setup 'clk'
Slack : -21.317
TNS   : -2510.604

Type  : Slow 1200mV 85C Model Setup 'controller:b2v_controller_inst1|step.END'
Slack : -5.225
TNS   : -47.978

Type  : Slow 1200mV 85C Model Setup 'wavelet_queue:b2v_wavelet_queue_inst1|wavelet_fast:b2v_inst|step.STOP'
Slack : -4.265
TNS   : -17.026

Type  : Slow 1200mV 85C Model Hold 'controller:b2v_controller_inst1|step.END'
Slack : 0.196
TNS   : 0.000

Type  : Slow 1200mV 85C Model Hold 'clk'
Slack : 0.437
TNS   : 0.000

Type  : Slow 1200mV 85C Model Hold 'wavelet_queue:b2v_wavelet_queue_inst1|wavelet_fast:b2v_inst|step.STOP'
Slack : 0.475
TNS   : 0.000

Type  : Slow 1200mV 85C Model Recovery 'clk'
Slack : -4.142
TNS   : -677.316

Type  : Slow 1200mV 85C Model Removal 'clk'
Slack : 0.483
TNS   : 0.000

Type  : Slow 1200mV 85C Model Minimum Pulse Width 'clk'
Slack : -3.201
TNS   : -953.983

Type  : Slow 1200mV 85C Model Minimum Pulse Width 'controller:b2v_controller_inst1|step.END'
Slack : 0.392
TNS   : 0.000

Type  : Slow 1200mV 85C Model Minimum Pulse Width 'wavelet_queue:b2v_wavelet_queue_inst1|wavelet_fast:b2v_inst|step.STOP'
Slack : 0.394
TNS   : 0.000

Type  : Slow 1200mV 0C Model Setup 'clk'
Slack : -19.476
TNS   : -2309.499

Type  : Slow 1200mV 0C Model Setup 'controller:b2v_controller_inst1|step.END'
Slack : -4.806
TNS   : -44.901

Type  : Slow 1200mV 0C Model Setup 'wavelet_queue:b2v_wavelet_queue_inst1|wavelet_fast:b2v_inst|step.STOP'
Slack : -4.003
TNS   : -15.522

Type  : Slow 1200mV 0C Model Hold 'controller:b2v_controller_inst1|step.END'
Slack : 0.250
TNS   : 0.000

Type  : Slow 1200mV 0C Model Hold 'clk'
Slack : 0.400
TNS   : 0.000

Type  : Slow 1200mV 0C Model Hold 'wavelet_queue:b2v_wavelet_queue_inst1|wavelet_fast:b2v_inst|step.STOP'
Slack : 0.408
TNS   : 0.000

Type  : Slow 1200mV 0C Model Recovery 'clk'
Slack : -3.754
TNS   : -613.939

Type  : Slow 1200mV 0C Model Removal 'clk'
Slack : 0.436
TNS   : 0.000

Type  : Slow 1200mV 0C Model Minimum Pulse Width 'clk'
Slack : -3.201
TNS   : -953.983

Type  : Slow 1200mV 0C Model Minimum Pulse Width 'wavelet_queue:b2v_wavelet_queue_inst1|wavelet_fast:b2v_inst|step.STOP'
Slack : 0.298
TNS   : 0.000

Type  : Slow 1200mV 0C Model Minimum Pulse Width 'controller:b2v_controller_inst1|step.END'
Slack : 0.372
TNS   : 0.000

Type  : Fast 1200mV 0C Model Setup 'clk'
Slack : -8.428
TNS   : -825.201

Type  : Fast 1200mV 0C Model Setup 'controller:b2v_controller_inst1|step.END'
Slack : -1.757
TNS   : -14.192

Type  : Fast 1200mV 0C Model Setup 'wavelet_queue:b2v_wavelet_queue_inst1|wavelet_fast:b2v_inst|step.STOP'
Slack : -1.348
TNS   : -4.222

Type  : Fast 1200mV 0C Model Hold 'clk'
Slack : 0.099
TNS   : 0.000

Type  : Fast 1200mV 0C Model Hold 'wavelet_queue:b2v_wavelet_queue_inst1|wavelet_fast:b2v_inst|step.STOP'
Slack : 0.204
TNS   : 0.000

Type  : Fast 1200mV 0C Model Hold 'controller:b2v_controller_inst1|step.END'
Slack : 0.245
TNS   : 0.000

Type  : Fast 1200mV 0C Model Recovery 'clk'
Slack : -1.381
TNS   : -225.415

Type  : Fast 1200mV 0C Model Removal 'clk'
Slack : 0.151
TNS   : 0.000

Type  : Fast 1200mV 0C Model Minimum Pulse Width 'clk'
Slack : -3.000
TNS   : -451.139

Type  : Fast 1200mV 0C Model Minimum Pulse Width 'controller:b2v_controller_inst1|step.END'
Slack : 0.368
TNS   : 0.000

Type  : Fast 1200mV 0C Model Minimum Pulse Width 'wavelet_queue:b2v_wavelet_queue_inst1|wavelet_fast:b2v_inst|step.STOP'
Slack : 0.380
TNS   : 0.000

------------------------------------------------------------
