------------------------------------------------------------
TimeQuest Timing Analyzer Summary
------------------------------------------------------------

Type  : Slow 1200mV 85C Model Setup 'clk'
Slack : -23.823
TNS   : -7181.077

Type  : Slow 1200mV 85C Model Setup 'wavelet_transform:b2v_wavlet_transform_inst1|controller:b2v_controller_inst1|step.END'
Slack : -4.992
TNS   : -44.105

Type  : Slow 1200mV 85C Model Setup 'wavelet_transform:b2v_wavlet_transform_inst1|wavelet_queue:b2v_wavelet_queue_inst1|wavelet_fast:b2v_inst|step.STOP'
Slack : -4.336
TNS   : -18.269

Type  : Slow 1200mV 85C Model Setup 'code_queue:b2v_code_queue_inst1|mq_coder:b2v_mqcoder_inst1|step.UPDATE'
Slack : -1.439
TNS   : -2.681

Type  : Slow 1200mV 85C Model Hold 'wavelet_transform:b2v_wavlet_transform_inst1|controller:b2v_controller_inst1|step.END'
Slack : -0.333
TNS   : -0.628

Type  : Slow 1200mV 85C Model Hold 'wavelet_transform:b2v_wavlet_transform_inst1|wavelet_queue:b2v_wavelet_queue_inst1|wavelet_fast:b2v_inst|step.STOP'
Slack : 0.357
TNS   : 0.000

Type  : Slow 1200mV 85C Model Hold 'clk'
Slack : 0.431
TNS   : 0.000

Type  : Slow 1200mV 85C Model Hold 'code_queue:b2v_code_queue_inst1|mq_coder:b2v_mqcoder_inst1|step.UPDATE'
Slack : 0.726
TNS   : 0.000

Type  : Slow 1200mV 85C Model Recovery 'clk'
Slack : -4.250
TNS   : -621.361

Type  : Slow 1200mV 85C Model Removal 'clk'
Slack : 0.585
TNS   : 0.000

Type  : Slow 1200mV 85C Model Minimum Pulse Width 'clk'
Slack : -3.201
TNS   : -1519.020

Type  : Slow 1200mV 85C Model Minimum Pulse Width 'wavelet_transform:b2v_wavlet_transform_inst1|controller:b2v_controller_inst1|step.END'
Slack : 0.407
TNS   : 0.000

Type  : Slow 1200mV 85C Model Minimum Pulse Width 'wavelet_transform:b2v_wavlet_transform_inst1|wavelet_queue:b2v_wavelet_queue_inst1|wavelet_fast:b2v_inst|step.STOP'
Slack : 0.431
TNS   : 0.000

Type  : Slow 1200mV 85C Model Minimum Pulse Width 'code_queue:b2v_code_queue_inst1|mq_coder:b2v_mqcoder_inst1|step.UPDATE'
Slack : 0.456
TNS   : 0.000

Type  : Slow 1200mV 0C Model Setup 'clk'
Slack : -22.492
TNS   : -6651.528

Type  : Slow 1200mV 0C Model Setup 'wavelet_transform:b2v_wavlet_transform_inst1|controller:b2v_controller_inst1|step.END'
Slack : -4.522
TNS   : -40.817

Type  : Slow 1200mV 0C Model Setup 'wavelet_transform:b2v_wavlet_transform_inst1|wavelet_queue:b2v_wavelet_queue_inst1|wavelet_fast:b2v_inst|step.STOP'
Slack : -4.114
TNS   : -16.717

Type  : Slow 1200mV 0C Model Setup 'code_queue:b2v_code_queue_inst1|mq_coder:b2v_mqcoder_inst1|step.UPDATE'
Slack : -1.259
TNS   : -2.324

Type  : Slow 1200mV 0C Model Hold 'wavelet_transform:b2v_wavlet_transform_inst1|controller:b2v_controller_inst1|step.END'
Slack : -0.235
TNS   : -0.432

Type  : Slow 1200mV 0C Model Hold 'wavelet_transform:b2v_wavlet_transform_inst1|wavelet_queue:b2v_wavelet_queue_inst1|wavelet_fast:b2v_inst|step.STOP'
Slack : 0.283
TNS   : 0.000

Type  : Slow 1200mV 0C Model Hold 'clk'
Slack : 0.381
TNS   : 0.000

Type  : Slow 1200mV 0C Model Hold 'code_queue:b2v_code_queue_inst1|mq_coder:b2v_mqcoder_inst1|step.UPDATE'
Slack : 0.680
TNS   : 0.000

Type  : Slow 1200mV 0C Model Recovery 'clk'
Slack : -3.742
TNS   : -545.668

Type  : Slow 1200mV 0C Model Removal 'clk'
Slack : 0.520
TNS   : 0.000

Type  : Slow 1200mV 0C Model Minimum Pulse Width 'clk'
Slack : -3.201
TNS   : -1519.020

Type  : Slow 1200mV 0C Model Minimum Pulse Width 'wavelet_transform:b2v_wavlet_transform_inst1|wavelet_queue:b2v_wavelet_queue_inst1|wavelet_fast:b2v_inst|step.STOP'
Slack : 0.342
TNS   : 0.000

Type  : Slow 1200mV 0C Model Minimum Pulse Width 'wavelet_transform:b2v_wavlet_transform_inst1|controller:b2v_controller_inst1|step.END'
Slack : 0.427
TNS   : 0.000

Type  : Slow 1200mV 0C Model Minimum Pulse Width 'code_queue:b2v_code_queue_inst1|mq_coder:b2v_mqcoder_inst1|step.UPDATE'
Slack : 0.484
TNS   : 0.000

Type  : Fast 1200mV 0C Model Setup 'clk'
Slack : -9.895
TNS   : -2684.006

Type  : Fast 1200mV 0C Model Setup 'wavelet_transform:b2v_wavlet_transform_inst1|controller:b2v_controller_inst1|step.END'
Slack : -1.658
TNS   : -12.850

Type  : Fast 1200mV 0C Model Setup 'wavelet_transform:b2v_wavlet_transform_inst1|wavelet_queue:b2v_wavelet_queue_inst1|wavelet_fast:b2v_inst|step.STOP'
Slack : -1.334
TNS   : -4.738

Type  : Fast 1200mV 0C Model Setup 'code_queue:b2v_code_queue_inst1|mq_coder:b2v_mqcoder_inst1|step.UPDATE'
Slack : -0.097
TNS   : -0.108

Type  : Fast 1200mV 0C Model Hold 'wavelet_transform:b2v_wavlet_transform_inst1|controller:b2v_controller_inst1|step.END'
Slack : 0.028
TNS   : 0.000

Type  : Fast 1200mV 0C Model Hold 'clk'
Slack : 0.160
TNS   : 0.000

Type  : Fast 1200mV 0C Model Hold 'wavelet_transform:b2v_wavlet_transform_inst1|wavelet_queue:b2v_wavelet_queue_inst1|wavelet_fast:b2v_inst|step.STOP'
Slack : 0.182
TNS   : 0.000

Type  : Fast 1200mV 0C Model Hold 'code_queue:b2v_code_queue_inst1|mq_coder:b2v_mqcoder_inst1|step.UPDATE'
Slack : 0.315
TNS   : 0.000

Type  : Fast 1200mV 0C Model Recovery 'clk'
Slack : -1.425
TNS   : -197.964

Type  : Fast 1200mV 0C Model Removal 'clk'
Slack : 0.196
TNS   : 0.000

Type  : Fast 1200mV 0C Model Minimum Pulse Width 'clk'
Slack : -3.000
TNS   : -843.494

Type  : Fast 1200mV 0C Model Minimum Pulse Width 'wavelet_transform:b2v_wavlet_transform_inst1|controller:b2v_controller_inst1|step.END'
Slack : 0.369
TNS   : 0.000

Type  : Fast 1200mV 0C Model Minimum Pulse Width 'wavelet_transform:b2v_wavlet_transform_inst1|wavelet_queue:b2v_wavelet_queue_inst1|wavelet_fast:b2v_inst|step.STOP'
Slack : 0.389
TNS   : 0.000

Type  : Fast 1200mV 0C Model Minimum Pulse Width 'code_queue:b2v_code_queue_inst1|mq_coder:b2v_mqcoder_inst1|step.UPDATE'
Slack : 0.425
TNS   : 0.000

------------------------------------------------------------
