------------------------------------------------------------
TimeQuest Timing Analyzer Summary
------------------------------------------------------------

Type  : Slow 1200mV 85C Model Setup 'clk'
Slack : -21.762
TNS   : -1876.402

Type  : Slow 1200mV 85C Model Hold 'clk'
Slack : 0.435
TNS   : 0.000

Type  : Slow 1200mV 85C Model Minimum Pulse Width 'clk'
Slack : -3.000
TNS   : -196.310

Type  : Slow 1200mV 85C Model Minimum Pulse Width 'step.UPDATE'
Slack : 0.433
TNS   : 0.000

Type  : Slow 1200mV 0C Model Setup 'clk'
Slack : -20.421
TNS   : -1745.201

Type  : Slow 1200mV 0C Model Hold 'clk'
Slack : 0.385
TNS   : 0.000

Type  : Slow 1200mV 0C Model Minimum Pulse Width 'clk'
Slack : -3.000
TNS   : -196.310

Type  : Slow 1200mV 0C Model Minimum Pulse Width 'step.UPDATE'
Slack : 0.343
TNS   : 0.000

Type  : Fast 1200mV 0C Model Setup 'clk'
Slack : -8.980
TNS   : -751.635

Type  : Fast 1200mV 0C Model Hold 'clk'
Slack : 0.180
TNS   : 0.000

Type  : Fast 1200mV 0C Model Minimum Pulse Width 'clk'
Slack : -3.000
TNS   : -141.596

Type  : Fast 1200mV 0C Model Minimum Pulse Width 'step.UPDATE'
Slack : 0.418
TNS   : 0.000

------------------------------------------------------------
